
SYMBOLS BY NAME

    5f46 CODE       _Clock_Setup        
    6322 CODE       _DecrementVcore     
    5c00 ISR        _Port1_ISR          
    5f0e CODE       _Radio_Interrupt_Setup
    5fcc CODE       _Radio_Read_Burst_Registers
    6030 CODE       _Radio_Read_Status  
    6108 CODE       _Radio_Rx           
    5f22 CODE       _Radio_SPI_setup    
    6066 CODE       _Radio_Strobe       
    6186 CODE       _Radio_TX_End       
    6180 CODE       _Radio_TX_Running   
    608a CODE       _Radio_Write_Register
    60b6 CODE       _Reset_Radio        
    1c9e UDATA0     _RxBuffer           
    5fa0 CODE       _Send_UART          
    60fa CODE       _TI_CC_Wait         
    1c02 IDATA0     _TX_state           
    1c36 UDATA0     _UARTBuff           
    5f76 CODE       _UART_INIT          
    5c58 ISR        _UART_IR            
    618c CODE       _Write_RF_Settings  
    5e53 CONST      ___RAL_hex_lc       
    5e43 CONST      ___RAL_hex_uc       
    777c CODE       ___RAL_pow10        
    783a CODE       ___RAL_pre_padding  
    781c CODE       ___RAL_print_padding
    8120 CODE       ___RAL_read_tp      
    1c00            ___RAM_Address      
    4000            ___RAM_Size         
    1c00            ___begin_IDATA0     
    1ce6            ___begin_THREAD     
    1c04            ___begin_UDATA0     
     4c0            ___crt_mpy          
     4d2            ___crt_mpy32h       
     4d0            ___crt_mpy32l       
     4c8            ___crt_op2          
     4e2            ___crt_op2h         
     4e0            ___crt_op2l         
     4e8            ___crt_res2         
     4ea            ___crt_res3         
     4ca            ___crt_reslo        
    1c04            ___end_IDATA0       
    1ce8            ___end_THREAD       
    1ce6            ___end_UDATA0       
    7874 CODE       ___errno            
    7b10 CODE       ___float32_add      
    7ce6 CODE       ___float32_div      
    7dc0 CODE       ___float32_eq       
    78f8 CODE       ___float32_isinf    
    7912 CODE       ___float32_isnan    
    7da4 CODE       ___float32_lt       
    7c0e CODE       ___float32_mul      
    5e7c CONST      ___float32_nan      
    792a CODE       ___float32_signbit  
    7c02 CODE       ___float32_sub      
    7a5e CODE       ___float32_to_int64 
    760c CODE       ___int16_div        
    7632 CODE       ___int16_mod        
    7658 CODE       ___int16_mul        
    766e CODE       ___int64_lsl        
    7680 CODE       ___int64_lsr        
    77d2 CODE       ___putc             
    7700 CODE       ___uint16_div       
    7718 CODE       ___uint64_div       
    7740 CODE       ___uint64_divmod    
    76e0 CODE       ___uint64_mod       
    793a CODE       ___uint64_to_float32
    1ce4 UDATA0     ___user_format_extender
    63d2 CODE       ___vfprintf         
    63d2 CODE       ___vfprintf_float_long_long
    7864 CODE       _abs                
    80ba CODE       _fabsf              
    7e66 CODE       _floor              
    7e66 CODE       _floorf             
    7f36 CODE       _fmod               
    7f36 CODE       _fmodf              
    80fc CODE       _frexp              
    1c00 IDATA0     _globali            
    80c0 CODE       _ldexp              
    5e80 CODE       _main               
    78c8 CODE       _memcpy             
    78d8 CODE       _memset             
    7dd0 CODE       _modff              
    1c04 UDATA0     _mystring           
    5fc6 CODE       _radio_SPI_desel    
    5fc0 CODE       _radio_SPI_sel      
    787e CODE       _sprintf            
    1c9c UDATA0     _state              
    1c9a UDATA0     _status             
    78e8 CODE       _strlen             
    78ae CODE       _strnlen            
    5d7e CONST      thread_init_begin   
    5d80 CONST      thread_init_end     


SYMBOLS BY VALUE

     4c0            ___crt_mpy          
     4c8            ___crt_op2          
     4ca            ___crt_reslo        
     4d0            ___crt_mpy32l       
     4d2            ___crt_mpy32h       
     4e0            ___crt_op2l         
     4e2            ___crt_op2h         
     4e8            ___crt_res2         
     4ea            ___crt_res3         
    1c00            ___RAM_Address      
    1c00 IDATA0     _globali            
    1c00            ___begin_IDATA0     
    1c02 IDATA0     _TX_state           
    1c04            ___end_IDATA0       
    1c04            ___begin_UDATA0     
    1c04 UDATA0     _mystring           
    1c36 UDATA0     _UARTBuff           
    1c9a UDATA0     _status             
    1c9c UDATA0     _state              
    1c9e UDATA0     _RxBuffer           
    1ce4 UDATA0     ___user_format_extender
    1ce6            ___end_UDATA0       
    1ce6            ___begin_THREAD     
    1ce8            ___end_THREAD       
    4000            ___RAM_Size         
    5c00 ISR        _Port1_ISR          
    5c58 ISR        _UART_IR            
    5d7e CONST      thread_init_begin   
    5d80 CONST      thread_init_end     
    5e43 CONST      ___RAL_hex_uc       
    5e53 CONST      ___RAL_hex_lc       
    5e7c CONST      ___float32_nan      
    5e80 CODE       _main               
    5f0e CODE       _Radio_Interrupt_Setup
    5f22 CODE       _Radio_SPI_setup    
    5f46 CODE       _Clock_Setup        
    5f76 CODE       _UART_INIT          
    5fa0 CODE       _Send_UART          
    5fc0 CODE       _radio_SPI_sel      
    5fc6 CODE       _radio_SPI_desel    
    5fcc CODE       _Radio_Read_Burst_Registers
    6030 CODE       _Radio_Read_Status  
    6066 CODE       _Radio_Strobe       
    608a CODE       _Radio_Write_Register
    60b6 CODE       _Reset_Radio        
    60fa CODE       _TI_CC_Wait         
    6108 CODE       _Radio_Rx           
    6180 CODE       _Radio_TX_Running   
    6186 CODE       _Radio_TX_End       
    618c CODE       _Write_RF_Settings  
    6322 CODE       _DecrementVcore     
    63d2 CODE       ___vfprintf         
    63d2 CODE       ___vfprintf_float_long_long
    760c CODE       ___int16_div        
    7632 CODE       ___int16_mod        
    7658 CODE       ___int16_mul        
    766e CODE       ___int64_lsl        
    7680 CODE       ___int64_lsr        
    76e0 CODE       ___uint64_mod       
    7700 CODE       ___uint16_div       
    7718 CODE       ___uint64_div       
    7740 CODE       ___uint64_divmod    
    777c CODE       ___RAL_pow10        
    77d2 CODE       ___putc             
    781c CODE       ___RAL_print_padding
    783a CODE       ___RAL_pre_padding  
    7864 CODE       _abs                
    7874 CODE       ___errno            
    787e CODE       _sprintf            
    78ae CODE       _strnlen            
    78c8 CODE       _memcpy             
    78d8 CODE       _memset             
    78e8 CODE       _strlen             
    78f8 CODE       ___float32_isinf    
    7912 CODE       ___float32_isnan    
    792a CODE       ___float32_signbit  
    793a CODE       ___uint64_to_float32
    7a5e CODE       ___float32_to_int64 
    7b10 CODE       ___float32_add      
    7c02 CODE       ___float32_sub      
    7c0e CODE       ___float32_mul      
    7ce6 CODE       ___float32_div      
    7da4 CODE       ___float32_lt       
    7dc0 CODE       ___float32_eq       
    7dd0 CODE       _modff              
    7e66 CODE       _floorf             
    7e66 CODE       _floor              
    7f36 CODE       _fmod               
    7f36 CODE       _fmodf              
    80ba CODE       _fabsf              
    80c0 CODE       _ldexp              
    80fc CODE       _frexp              
    8120 CODE       ___RAL_read_tp      
